#-----------------------------------------------------------
# Webtalk v2019.2 (64-bit)
# SW Build 2708876 on Wed Nov  6 21:40:23 MST 2019
# IP Build 2700528 on Thu Nov  7 00:09:20 MST 2019
# Start of session at: Sat May 23 10:59:51 2020
# Process ID: 800
# Current directory: C:/Users/Thobi/CloudStation/Thobias/UNI/4.Semester/Digital_Porgrammerbar_Elektronik/vivado/Projekt_4_Basys3/Projekt_4_Basys3.sim/sim_1/behav/xsim
# Command line: wbtcv.exe -mode batch -source C:/Users/Thobi/CloudStation/Thobias/UNI/4.Semester/Digital_Porgrammerbar_Elektronik/vivado/Projekt_4_Basys3/Projekt_4_Basys3.sim/sim_1/behav/xsim/xsim.dir/tb_STANDARD_TOPLEVEL_behav/webtalk/xsim_webtalk.tcl -notrace
# Log file: C:/Users/Thobi/CloudStation/Thobias/UNI/4.Semester/Digital_Porgrammerbar_Elektronik/vivado/Projekt_4_Basys3/Projekt_4_Basys3.sim/sim_1/behav/xsim/webtalk.log
# Journal file: C:/Users/Thobi/CloudStation/Thobias/UNI/4.Semester/Digital_Porgrammerbar_Elektronik/vivado/Projekt_4_Basys3/Projekt_4_Basys3.sim/sim_1/behav/xsim\webtalk.jou
#-----------------------------------------------------------
source C:/Users/Thobi/CloudStation/Thobias/UNI/4.Semester/Digital_Porgrammerbar_Elektronik/vivado/Projekt_4_Basys3/Projekt_4_Basys3.sim/sim_1/behav/xsim/xsim.dir/tb_STANDARD_TOPLEVEL_behav/webtalk/xsim_webtalk.tcl -notrace
